-- orig ------
(plan
 (project (COLUMN (orderkey (var l_orderkey))
		  (partkey (var l_partkey))
		  (shipdate (var l_shipdate)))
	  (scan (symtab (l_orderkey i64v) 
			(l_partkey i64v) 
			(l_suppkey i64v) 
			(l_linenumber i64v) 
			(l_quantity fp64v) 
			(l_extendedprice fp64v) 
			(l_discount fp64v) 
			(l_tax fp64v) 
			(l_returnflag strv) 
			(l_linestatus strv) 
			(l_shipdate datev) 
			(l_commitdate datev) 
			(l_receiptdate datev) 
			(l_shipinstruct strv) 
			(l_shipmode strv) 
			(l_comment strv))
		(path lineitem.xrg))
	  ))


-- result --------
1|155190|1996-03-13
1|67310|1996-04-12
1|63700|1996-01-29
1|2132|1996-04-21
1|24027|1996-03-30
1|15635|1996-01-30
2|106170|1997-01-28
3|4297|1994-02-02
3|19036|1993-11-09
3|128449|1994-01-16
3|29380|1993-12-04
3|183095|1993-12-14
3|62143|1993-10-29
4|88035|1996-01-10
5|108570|1994-10-31
5|123927|1994-10-16
5|37531|1994-08-08
6|139636|1992-04-27
7|182052|1996-05-07
7|145243|1996-02-01
7|94780|1996-01-15
7|163073|1996-03-21
7|151894|1996-02-11
7|79251|1996-01-16
7|157238|1996-02-10
32|82704|1995-10-23
32|197921|1995-08-14
32|44161|1995-08-07
32|2743|1995-08-04
32|85811|1995-08-28
32|11615|1995-07-21
33|61336|1993-10-29
33|60519|1993-12-09
33|137469|1993-12-09
33|33918|1993-11-09
34|88362|1998-10-23
34|89414|1998-10-09
34|169544|1998-10-30
35|450|1996-02-21
35|161940|1996-01-22
35|120896|1996-01-19
35|85175|1995-11-26
35|119917|1995-11-08
35|30762|1996-02-01
36|119767|1996-02-03
37|22630|1992-07-21
37|126782|1992-07-02
37|12903|1992-07-10
38|175839|1996-09-29
39|2320|1996-11-14
39|186582|1996-11-04
39|67831|1996-09-26
39|20590|1996-10-02
39|54519|1996-10-17
39|94368|1996-12-08
64|85951|1994-09-30
65|59694|1995-04-20
65|73815|1995-07-17
65|1388|1995-07-06
66|115118|1994-02-19
66|173489|1994-02-21
67|21636|1997-04-17
67|20193|1997-01-27
67|173600|1997-02-20
67|87514|1997-03-18
67|40613|1997-04-19
67|178306|1997-01-25
68|7068|1998-07-04
68|175180|1998-06-26
68|34980|1998-08-13
68|94728|1998-06-27
68|82758|1998-06-19
68|102561|1998-08-11
68|139247|1998-06-24
69|115209|1994-08-17
69|104180|1994-08-24
69|137267|1994-07-02
69|37502|1994-06-06
69|92070|1994-07-31
69|18504|1994-10-03
70|64128|1994-01-12
70|196156|1994-03-03
70|179809|1994-01-26
70|45734|1994-03-17
70|37131|1994-02-13
70|55655|1994-01-26
71|61931|1998-04-10
71|65916|1998-05-23
71|34432|1998-02-23
71|96645|1998-04-12
71|103255|1998-01-29
71|195635|1998-03-05
96|123076|1994-07-19
96|135390|1994-06-03
97|119477|1993-04-01
97|49568|1993-04-13
97|77699|1993-05-14
98|40216|1994-12-24
98|109743|1994-12-01
98|44706|1994-12-30
98|167180|1994-10-23
99|87114|1994-05-18
99|123766|1994-05-06
99|134082|1994-04-19
99|108338|1994-07-04
100|62029|1998-05-08
100|115979|1998-06-24
100|46150|1998-05-02
100|38024|1998-05-22
100|53439|1998-03-06
101|118282|1996-06-21
101|163334|1996-05-19
101|138418|1996-03-29
102|88914|1997-07-24
102|169238|1997-08-09
102|182321|1997-07-31
102|61158|1997-06-02
103|194658|1996-10-11
103|10426|1996-09-17
103|28431|1996-09-11
103|29022|1996-07-30
128|106828|1992-09-01
129|2867|1993-02-15
129|185164|1992-11-25
129|39444|1993-01-08
129|135137|1993-01-29
129|31373|1992-12-07
129|77050|1993-02-15
129|168569|1993-01-26
130|128816|1992-08-15
130|1739|1992-07-01
130|11860|1992-07-04
130|115635|1992-06-26
130|69130|1992-09-01
131|167505|1994-09-14
131|44255|1994-09-17
131|189021|1994-09-20
132|140449|1993-07-10
132|119053|1993-09-01
132|114419|1993-07-12
132|28082|1993-06-16
133|103432|1997-12-21
133|176279|1997-12-02
133|117350|1998-02-28
133|89855|1998-03-21
134|641|1992-07-17
134|164645|1992-08-23
134|188252|1992-06-20
134|144002|1992-08-16
134|35172|1992-07-03
134|133103|1992-08-08
135|108205|1996-02-18
135|198344|1996-02-11
135|157510|1996-01-03
135|67005|1996-01-12
135|136248|1996-01-25
135|115000|1995-11-12
160|14785|1997-03-11
160|86382|1997-02-18
160|20080|1997-01-31
161|102810|1994-12-13
162|189288|1995-09-02
163|167545|1997-09-19
163|120702|1997-11-11
163|36818|1997-12-26
163|192642|1997-11-17
163|126090|1997-12-18
163|190825|1997-09-27
164|91309|1993-01-04
164|18488|1992-12-22
164|125509|1992-12-04
164|17526|1992-12-21
164|147505|1992-11-26
164|108896|1992-12-23
164|3037|1992-11-03
165|33175|1993-03-29
165|161627|1993-02-27
165|58520|1993-04-10
165|139190|1993-02-20
165|155084|1993-04-27
166|64888|1995-11-16
166|166366|1995-11-09
166|99652|1995-11-13
166|45027|1995-12-30
167|101171|1993-02-19
167|171555|1993-05-01
192|97017|1998-02-05
192|161368|1998-03-13
192|110252|1998-01-30
192|196400|1998-03-06
192|82915|1998-02-15
192|141003|1998-03-11
193|92638|1993-09-17
193|153954|1993-11-22
193|93878|1993-08-21
194|2594|1992-05-24
194|183523|1992-04-30
194|65994|1992-05-07
194|145146|1992-05-21
194|56176|1992-07-06
