-- orig ------
;; Q6
;; SELECT SUM(l_extendedprice * l_discount) 
;;   FROM "lineitem*" 
;;  WHERE l_shipdate >= '1994-01-01' AND l_shipdate < '1995-01-01' 
;;    AND l_discount >= 0.050000 AND l_discount <= 0.070000 
;;    AND l_quantity < 24.000000
;;
(plan
 (project (column (c1 (var gfunc.0)))
	  (groupby (function (sum (* (var l_extendedprice) (var l_discount))))
		   (scan (symtab (l_orderkey i64v) 
				 (l_partkey i64v) 
				 (l_suppkey i64v) 
				 (l_linenumber i64v) 
				 (l_quantity fp64v) 
				 (l_extendedprice fp64v) 
				 (l_discount fp64v) 
				 (l_tax fp64v) 
				 (l_returnflag strv) 
				 (l_linestatus strv) 
				 (l_shipdate datev) 
				 (l_commitdate datev) 
				 (l_receiptdate datev) 
				 (l_shipinstruct strv) 
				 (l_shipmode strv) 
				 (l_comment strv))
			 (path lineitem.xrg)))
	  ))


-- result --------
376887.06
