-- orig ------
(plan
 (project (COLUMN (orderkey (var l_orderkey))
		  (partkey (var l_partkey))
		  (shipdate (var l_shipdate)))
	  (filter (like (var l_linestatus) (str O%))
		  (scan (symtab (l_orderkey i64v) 
				(l_partkey i64v) 
				(l_suppkey i64v) 
				(l_linenumber i64v) 
				(l_quantity fp64v) 
				(l_extendedprice fp64v) 
				(l_discount fp64v) 
				(l_tax fp64v) 
				(l_returnflag strv) 
				(l_linestatus strv) 
				(l_shipdate datev) 
				(l_commitdate datev) 
				(l_receiptdate datev) 
				(l_shipinstruct strv) 
				(l_shipmode strv) 
				(l_comment strv) )
			(path lineitem.xrg)))
	  ))
		  
	 


-- result --------
1|155190|1996-03-13
1|67310|1996-04-12
1|63700|1996-01-29
1|2132|1996-04-21
1|24027|1996-03-30
1|15635|1996-01-30
2|106170|1997-01-28
4|88035|1996-01-10
7|182052|1996-05-07
7|145243|1996-02-01
7|94780|1996-01-15
7|163073|1996-03-21
7|151894|1996-02-11
7|79251|1996-01-16
7|157238|1996-02-10
32|82704|1995-10-23
32|197921|1995-08-14
32|44161|1995-08-07
32|2743|1995-08-04
32|85811|1995-08-28
32|11615|1995-07-21
34|88362|1998-10-23
34|89414|1998-10-09
34|169544|1998-10-30
35|450|1996-02-21
35|161940|1996-01-22
35|120896|1996-01-19
35|85175|1995-11-26
35|119917|1995-11-08
35|30762|1996-02-01
36|119767|1996-02-03
38|175839|1996-09-29
39|2320|1996-11-14
39|186582|1996-11-04
39|67831|1996-09-26
39|20590|1996-10-02
39|54519|1996-10-17
39|94368|1996-12-08
65|73815|1995-07-17
65|1388|1995-07-06
67|21636|1997-04-17
67|20193|1997-01-27
67|173600|1997-02-20
67|87514|1997-03-18
67|40613|1997-04-19
67|178306|1997-01-25
68|7068|1998-07-04
68|175180|1998-06-26
68|34980|1998-08-13
68|94728|1998-06-27
68|82758|1998-06-19
68|102561|1998-08-11
68|139247|1998-06-24
71|61931|1998-04-10
71|65916|1998-05-23
71|34432|1998-02-23
71|96645|1998-04-12
71|103255|1998-01-29
71|195635|1998-03-05
100|62029|1998-05-08
100|115979|1998-06-24
100|46150|1998-05-02
100|38024|1998-05-22
100|53439|1998-03-06
101|118282|1996-06-21
101|163334|1996-05-19
101|138418|1996-03-29
102|88914|1997-07-24
102|169238|1997-08-09
102|182321|1997-07-31
102|61158|1997-06-02
103|194658|1996-10-11
103|10426|1996-09-17
103|28431|1996-09-11
103|29022|1996-07-30
133|103432|1997-12-21
133|176279|1997-12-02
133|117350|1998-02-28
133|89855|1998-03-21
135|108205|1996-02-18
135|198344|1996-02-11
135|157510|1996-01-03
135|67005|1996-01-12
135|136248|1996-01-25
135|115000|1995-11-12
160|14785|1997-03-11
160|86382|1997-02-18
160|20080|1997-01-31
162|189288|1995-09-02
163|167545|1997-09-19
163|120702|1997-11-11
163|36818|1997-12-26
163|192642|1997-11-17
163|126090|1997-12-18
163|190825|1997-09-27
166|64888|1995-11-16
166|166366|1995-11-09
166|99652|1995-11-13
166|45027|1995-12-30
192|97017|1998-02-05
192|161368|1998-03-13
192|110252|1998-01-30
192|196400|1998-03-06
192|82915|1998-02-15
192|141003|1998-03-11
