-- orig ------
;;
;; filter 5 OR conditions. Filtering will NOT be done by sssd.
;;
(plan
 (project (COLUMN (orderkey (var l_orderkey))
		  (partkey (var l_partkey))
		  (shipdate (var l_shipdate)))
	  (filter (or (== (var l_orderkey) (int 166))
		      (== (var l_orderkey) (int 164))
		      (== (var l_orderkey) (int 163))
		      (== (var l_orderkey) (int 194))
		      (== (var l_orderkey) (int 192)))
		  (scan (symtab (l_orderkey i64v) 
				(l_partkey i64v) 
				(l_suppkey i64v) 
				(l_linenumber i64v) 
				(l_quantity fp64v) 
				(l_extendedprice fp64v) 
				(l_discount fp64v) 
				(l_tax fp64v) 
				(l_returnflag strv) 
				(l_linestatus strv) 
				(l_shipdate datev) 
				(l_commitdate datev) 
				(l_receiptdate datev) 
				(l_shipinstruct strv) 
				(l_shipmode strv) 
				(l_comment strv) )
			(path lineitem.xrg)))
	  ))
		  
	 


-- result --------
163|167545|1997-09-19
163|120702|1997-11-11
163|36818|1997-12-26
163|192642|1997-11-17
163|126090|1997-12-18
163|190825|1997-09-27
164|91309|1993-01-04
164|18488|1992-12-22
164|125509|1992-12-04
164|17526|1992-12-21
164|147505|1992-11-26
164|108896|1992-12-23
164|3037|1992-11-03
166|64888|1995-11-16
166|166366|1995-11-09
166|99652|1995-11-13
166|45027|1995-12-30
192|97017|1998-02-05
192|161368|1998-03-13
192|110252|1998-01-30
192|196400|1998-03-06
192|82915|1998-02-15
192|141003|1998-03-11
194|2594|1992-05-24
194|183523|1992-04-30
194|65994|1992-05-07
194|145146|1992-05-21
194|56176|1992-07-06
