-- orig ------
;; Q1 - Pricing Summary Report Query
;; select
;;   l_returnflag,
;;   l_linestatus,
;;   sum(l_quantity) as sum_qty,
;;   sum(l_extendedprice) as sum_base_price,
;;   sum(l_extendedprice * (1 - l_discount)) as sum_disc_price,
;;   sum(l_extendedprice * (1 - l_discount) * (1 + l_tax)) as sum_charge,
;;   avg(l_quantity) as avg_qty,
;;   avg(l_extendedprice) as avg_price,
;;   avg(l_discount) as avg_disc,
;;   count(*) as count_order
;; from
;;   lineitem
;; where
;;   l_shipdate <= date '1998-12-01' - interval '112 day'
;; group by
;;   l_returnflag,
;;   l_linestatus
(plan
 (project (column (c1 (var gvar.0))
		  (c2 (var gvar.1))
		  (c3 (var gfunc.0))
		  (c4 (var gfunc.1))
		  (c5 (var gfunc.2))
		  (c6 (var gfunc.3))
		  (c7 (var gfunc.4))
		  (c8 (var gfunc.5))
		  (c9 (var gfunc.6))
		  (c10 (var gfunc.7))
		  (c11 (var gfunc.8))
		  (c12 (var gfunc.9))
		  (c13 (var gfunc.10)))
	  (groupby (bucket (var l_returnflag)
			   (var l_linestatus))
		   (function (sum (var l_quantity))
			     (sum (var l_extendedprice))
			     (sum (* (var l_extendedprice) (- (real 1) (var l_discount))))
			     (sum (* (* (var l_extendedprice) (- (real 1) (var l_discount))) (+ (real 1) (var l_tax))))
			     (sum (var l_quantity))
			     (count (var l_quantity))
			     (sum (var l_extendedprice))
			     (count (var l_extendedprice))
			     (sum (var l_discount))
			     (count (var l_discount))
			     (count (int 1)))
		   (filter (<= (var l_shipdate) (- (date 1998-12-01) (interval "112 day")))
			   (scan (symtab (l_orderkey i64v) 
					 (l_partkey i64v) 
					 (l_suppkey i64v) 
					 (l_linenumber i64v) 
					 (l_quantity fp64v) 
					 (l_extendedprice fp64v) 
					 (l_discount fp64v) 
					 (l_tax fp64v) 
					 (l_returnflag strv) 
					 (l_linestatus strv) 
					 (l_shipdate datev) 
					 (l_commitdate datev) 
					 (l_receiptdate datev) 
					 (l_shipinstruct strv) 
					 (l_shipmode strv) 
					 (l_comment strv))
				 (path lineitem.xrg))))
	  ))


-- result --------
N|O|2620.00|3835762.27|3651143.76|3799689.40|2620.00|101|3835762.27|101|4.91|101|101
A|F|1350.00|1913270.38|1810322.04|1883811.54|1350.00|52|1913270.38|52|2.70|52|52
R|F|1099.00|1556684.01|1473551.00|1523983.13|1099.00|43|1556684.01|43|2.00|43|43
