-- orig ------
;; # Q6 - Forecasting Revenue Change Query
;; select
;;   sum(l_extendedprice * l_discount) as revenue
;; from
;;   lineitem
;; where
;;   l_shipdate >= '1994-01-01'
;;   and l_shipdate < '1995-01-01'
;;   and l_discount between 0.05 and 0.07
;;   and l_quantity < 24
(plan
 (project (column (c1 (var gfunc.0)))
	  (groupby (function (sum (* (var l_extendedprice) (var l_discount))))
		   (filter (and (>= (var l_shipdate) (date 1994-01-01))
				(< (var l_shipdate) (date 1995-01-01))
				(<= (real 0.05) (var l_discount))
				(<= (var l_discount) (real 0.07))
				(< (var l_quantity) (real 24)))
			   (scan (symtab (l_orderkey i64v) 
					 (l_partkey i64v) 
					 (l_suppkey i64v) 
					 (l_linenumber i64v) 
					 (l_quantity fp64v) 
					 (l_extendedprice fp64v) 
					 (l_discount fp64v) 
					 (l_tax fp64v) 
					 (l_returnflag strv) 
					 (l_linestatus strv) 
					 (l_shipdate datev) 
					 (l_commitdate datev) 
					 (l_receiptdate datev) 
					 (l_shipinstruct strv) 
					 (l_shipmode strv) 
					 (l_comment strv))
				 (path lineitem.xrg))))
	  ))



-- result --------
7637.98
