-- sql --------
-- LIMIT to 5 rows
select l_returnflag, l_linestatus, l_orderkey  
from lineitem
limit 5;



-- plan --------
(plan (project (column (c0 (var l_returnflag)) (c1 (var l_linestatus)) (c2 (var l_orderkey))) (LIMIT 5 (scan (symtab (l_orderkey i64v) (l_partkey i64v) (l_suppkey i64v) (l_lineitem i64v) (l_quantity fp64v) (l_extendedprice fp64v) (l_discount fp64v) (l_tax fp64v) (l_returnflag strv) (l_linestatus strv) (l_shipdate datev) (l_commitdate datev) (l_receiptdate datev) (l_shipinstruct strv) (l_shipmode strv) (l_comment strv)) (path lineitem.xrg)))))


-- result --------
N|O|1
N|O|1
N|O|1
N|O|1
N|O|1
